#
# There is insufficient memory for the Java Runtime Environment to continue.
# Native memory allocation (malloc) failed to allocate 1254192 bytes. Error detail: Chunk::new
# Possible reasons:
#   The system is out of physical RAM or swap space
#   This process is running with CompressedOops enabled, and the Java Heap may be blocking the growth of the native heap
# Possible solutions:
#   Reduce memory load on the system
#   Increase physical memory or swap space
#   Check if swap backing store is full
#   Decrease Java heap size (-Xmx/-Xms)
#   Decrease number of Java threads
#   Decrease Java thread stack sizes (-Xss)
#   Set larger code cache with -XX:ReservedCodeCacheSize=
#   JVM is running with Unscaled Compressed Oops mode in which the Java heap is
#     placed in the first 4GB address space. The Java Heap base address is the
#     maximum limit for the native heap growth. Please use -XX:HeapBaseMinAddress
#     to set the Java Heap base and to place the Java Heap above 4GB virtual address.
# This output file may be truncated or incomplete.
#
#  Out of Memory Error (arena.cpp:168), pid=18040, tid=12872
#
# JRE version: OpenJDK Runtime Environment Temurin-21.0.10+7 (21.0.10+7) (build 21.0.10+7-LTS)
# Java VM: OpenJDK 64-Bit Server VM Temurin-21.0.10+7 (21.0.10+7-LTS, mixed mode, sharing, tiered, compressed oops, compressed class ptrs, parallel gc, windows-amd64)
# No core dump will be written. Minidumps are not enabled by default on client versions of Windows
#

---------------  S U M M A R Y ------------

Command Line: --add-modules=ALL-SYSTEM --add-opens=java.base/java.util=ALL-UNNAMED --add-opens=java.base/java.lang=ALL-UNNAMED --add-opens=java.base/sun.nio.fs=ALL-UNNAMED -Declipse.application=org.eclipse.jdt.ls.core.id1 -Dosgi.bundles.defaultStartLevel=4 -Declipse.product=org.eclipse.jdt.ls.core.product -Djava.import.generatesMetadataFilesAtProjectRoot=false -DDetectVMInstallationsJob.disabled=true -Dfile.encoding=utf8 -XX:+UseParallelGC -XX:GCTimeRatio=4 -XX:AdaptiveSizePolicyWeight=90 -Dsun.zip.disableMemoryMapping=true -Xmx2G -Xms100m -Xlog:disable -javaagent:c:\Users\adoni\.vscode\extensions\redhat.java-1.54.0-win32-x64\lombok\lombok-1.18.39-4050.jar c:\Users\adoni\.vscode\extensions\redhat.java-1.54.0-win32-x64\server\plugins\org.eclipse.equinox.launcher_1.7.100.v20251111-0406.jar -configuration c:\Users\adoni\AppData\Roaming\Code\User\globalStorage\redhat.java\1.54.0\config_ss_win -data c:\Users\adoni\AppData\Roaming\Code\User\workspaceStorage\1d477e8070bcaa3eec095d7fc0d09262\redhat.java\ss_ws --pipe=\\.\pipe\lsp-0287c617b4ebb0643977b9691408c7f0-sock

Host: Intel(R) Core(TM) i7-8665U CPU @ 1.90GHz, 8 cores, 15G,  Windows 11 , 64 bit Build 26100 (10.0.26100.7920)
Time: Wed May 20 15:17:35 2026 E. Africa Standard Time elapsed time: 5.890524 seconds (0d 0h 0m 5s)

---------------  T H R E A D  ---------------

Current thread (0x0000022ca15c25f0):  JavaThread "C2 CompilerThread0" daemon [_thread_in_native, id=12872, stack(0x0000003f60a00000,0x0000003f60b00000) (1024K)]


Current CompileTask:
C2:5890 2627       4       org.lombokweb.asm.ClassReader::readMethod (1070 bytes)

Stack: [0x0000003f60a00000,0x0000003f60b00000]
Native frames: (J=compiled Java code, j=interpreted, Vv=VM code, C=native code)
V  [jvm.dll+0x6d7a39]
V  [jvm.dll+0x8b4b26]
V  [jvm.dll+0x8b70de]
V  [jvm.dll+0x8b77c3]
V  [jvm.dll+0x284346]
V  [jvm.dll+0xc66ed]
V  [jvm.dll+0xc6c31]
V  [jvm.dll+0x3bec3b]
V  [jvm.dll+0x38b162]
V  [jvm.dll+0x38a5aa]
V  [jvm.dll+0x24c560]
V  [jvm.dll+0x24bb40]
V  [jvm.dll+0x1cb34e]
V  [jvm.dll+0x25b85d]
V  [jvm.dll+0x259dea]
V  [jvm.dll+0x3f857e]
V  [jvm.dll+0x85f59d]
V  [jvm.dll+0x6d626d]
C  [ucrtbase.dll+0x37b0]
C  [KERNEL32.DLL+0x2e8d7]
C  [ntdll.dll+0x8c48c]


---------------  P R O C E S S  ---------------

Threads class SMR info:
_java_thread_list=0x0000022c80752750, length=21, elements={
0x0000022ca163c010, 0x0000022ca16f8380, 0x0000022ca16fbd10, 0x0000022ca15b55f0,
0x0000022ca15b8160, 0x0000022ca15bed40, 0x0000022ca15c17b0, 0x0000022ca15c25f0,
0x0000022cfa878120, 0x0000022cfaa3fba0, 0x0000022cfa97cd60, 0x0000022cff26dd30,
0x0000022c800a2180, 0x0000022cff2876b0, 0x0000022c80137780, 0x0000022c801ca6a0,
0x0000022c8052d5a0, 0x0000022c804b8bf0, 0x0000022c80765dd0, 0x0000022c8058dfb0,
0x0000022c81635580
}

Java Threads: ( => current thread )
  0x0000022ca163c010 JavaThread "main"                              [_thread_blocked, id=23872, stack(0x0000003f60000000,0x0000003f60100000) (1024K)]
  0x0000022ca16f8380 JavaThread "Reference Handler"          daemon [_thread_blocked, id=24168, stack(0x0000003f60400000,0x0000003f60500000) (1024K)]
  0x0000022ca16fbd10 JavaThread "Finalizer"                  daemon [_thread_blocked, id=17620, stack(0x0000003f60500000,0x0000003f60600000) (1024K)]
  0x0000022ca15b55f0 JavaThread "Signal Dispatcher"          daemon [_thread_blocked, id=25344, stack(0x0000003f60600000,0x0000003f60700000) (1024K)]
  0x0000022ca15b8160 JavaThread "Attach Listener"            daemon [_thread_blocked, id=19804, stack(0x0000003f60700000,0x0000003f60800000) (1024K)]
  0x0000022ca15bed40 JavaThread "Service Thread"             daemon [_thread_blocked, id=15216, stack(0x0000003f60800000,0x0000003f60900000) (1024K)]
  0x0000022ca15c17b0 JavaThread "Monitor Deflation Thread"   daemon [_thread_blocked, id=8168, stack(0x0000003f60900000,0x0000003f60a00000) (1024K)]
=>0x0000022ca15c25f0 JavaThread "C2 CompilerThread0"         daemon [_thread_in_native, id=12872, stack(0x0000003f60a00000,0x0000003f60b00000) (1024K)]
  0x0000022cfa878120 JavaThread "C1 CompilerThread0"         daemon [_thread_in_native, id=14352, stack(0x0000003f60b00000,0x0000003f60c00000) (1024K)]
  0x0000022cfaa3fba0 JavaThread "Common-Cleaner"             daemon [_thread_blocked, id=2976, stack(0x0000003f60c00000,0x0000003f60d00000) (1024K)]
  0x0000022cfa97cd60 JavaThread "Notification Thread"        daemon [_thread_blocked, id=23056, stack(0x0000003f60d00000,0x0000003f60e00000) (1024K)]
  0x0000022cff26dd30 JavaThread "Active Thread: Equinox Container: a583dc9b-f68d-4288-b319-8ccaeba1e11d"        [_thread_blocked, id=4108, stack(0x0000003f61600000,0x0000003f61700000) (1024K)]
  0x0000022c800a2180 JavaThread "Framework Event Dispatcher: Equinox Container: a583dc9b-f68d-4288-b319-8ccaeba1e11d" daemon [_thread_blocked, id=11612, stack(0x0000003f60f00000,0x0000003f61000000) (1024K)]
  0x0000022cff2876b0 JavaThread "Start Level: Equinox Container: a583dc9b-f68d-4288-b319-8ccaeba1e11d" daemon [_thread_in_Java, id=1268, stack(0x0000003f61700000,0x0000003f61800000) (1024K)]
  0x0000022c80137780 JavaThread "SCR Component Actor"        daemon [_thread_blocked, id=16428, stack(0x0000003f60e00000,0x0000003f60f00000) (1024K)]
  0x0000022c801ca6a0 JavaThread "Worker-JM"                         [_thread_blocked, id=8548, stack(0x0000003f61b00000,0x0000003f61c00000) (1024K)]
  0x0000022c8052d5a0 JavaThread "Worker-0"                          [_thread_blocked, id=332, stack(0x0000003f61a00000,0x0000003f61b00000) (1024K)]
  0x0000022c804b8bf0 JavaThread "Worker-1"                          [_thread_blocked, id=18540, stack(0x0000003f61900000,0x0000003f61a00000) (1024K)]
  0x0000022c80765dd0 JavaThread "C2 CompilerThread1"         daemon [_thread_in_native, id=25096, stack(0x0000003f61c00000,0x0000003f61d00000) (1024K)]
  0x0000022c8058dfb0 JavaThread "Java indexing"              daemon [_thread_blocked, id=23940, stack(0x0000003f61d00000,0x0000003f61e00000) (1024K)]
  0x0000022c81635580 JavaThread "C2 CompilerThread2"         daemon [_thread_in_native, id=14380, stack(0x0000003f61e00000,0x0000003f61f00000) (1024K)]
Total: 21

Other Threads:
  0x0000022ca15b1a70 VMThread "VM Thread"                           [id=23572, stack(0x0000003f60300000,0x0000003f60400000) (1024K)]
  0x0000022ca14cca00 WatcherThread "VM Periodic Task Thread"        [id=26200, stack(0x0000003f60200000,0x0000003f60300000) (1024K)]
  0x0000022ca165b6f0 WorkerThread "GC Thread#0"                     [id=19220, stack(0x0000003f60100000,0x0000003f60200000) (1024K)]
  0x0000022cff715eb0 WorkerThread "GC Thread#1"                     [id=8384, stack(0x0000003f61000000,0x0000003f61100000) (1024K)]
  0x0000022cff716260 WorkerThread "GC Thread#2"                     [id=22812, stack(0x0000003f61100000,0x0000003f61200000) (1024K)]
  0x0000022cff716610 WorkerThread "GC Thread#3"                     [id=16996, stack(0x0000003f61200000,0x0000003f61300000) (1024K)]
  0x0000022cff71ab70 WorkerThread "GC Thread#4"                     [id=21212, stack(0x0000003f61300000,0x0000003f61400000) (1024K)]
  0x0000022cff71af20 WorkerThread "GC Thread#5"                     [id=15220, stack(0x0000003f61400000,0x0000003f61500000) (1024K)]
  0x0000022cff71b2d0 WorkerThread "GC Thread#6"                     [id=16820, stack(0x0000003f61500000,0x0000003f61600000) (1024K)]
  0x0000022cfabb6570 WorkerThread "GC Thread#7"                     [id=20316, stack(0x0000003f61800000,0x0000003f61900000) (1024K)]
Total: 10

Threads with active compile tasks:
C2 CompilerThread0  5923 2627       4       org.lombokweb.asm.ClassReader::readMethod (1070 bytes)
C1 CompilerThread0  5923 2796       3       sun.util.locale.LocaleObjectCache::normalizeKey (2 bytes)
C2 CompilerThread1  5923 2716       4       java.util.Properties$LineReader::readLine (584 bytes)
C2 CompilerThread2  5923 2782   !   4       java.util.concurrent.ConcurrentHashMap::transfer (849 bytes)
Total: 4

VM state: not at safepoint (normal execution)

VM Mutex/Monitor currently owned by a thread: None

Heap address: 0x0000000080000000, size: 2048 MB, Compressed Oops mode: 32-bit

CDS archive(s) mapped at: [0x0000022cb8000000-0x0000022cb8ba0000-0x0000022cb8ba0000), size 12189696, SharedBaseAddress: 0x0000022cb8000000, ArchiveRelocationMode: 1.
Compressed class space mapped at: 0x0000022cb9000000-0x0000022cf9000000, reserved size: 1073741824
Narrow klass base: 0x0000022cb8000000, Narrow klass shift: 0, Narrow klass range: 0x100000000

GC Precious Log:
 CardTable entry size: 512
 CPUs: 8 total, 8 available
 Memory: 16194M
 Large Page Support: Disabled
 NUMA Support: Disabled
 Compressed Oops: Enabled (32-bit)
 Alignments: Space 512K, Generation 512K, Heap 2M
 Heap Min Capacity: 100M
 Heap Initial Capacity: 100M
 Heap Max Capacity: 2G
 Pre-touch: Disabled
 Parallel Workers: 8

Heap:
 PSYoungGen      total 30720K, used 3693K [0x00000000d5580000, 0x00000000d7900000, 0x0000000100000000)
  eden space 25088K, 14% used [0x00000000d5580000,0x00000000d591b6e8,0x00000000d6e00000)
  from space 5632K, 0% used [0x00000000d7380000,0x00000000d7380000,0x00000000d7900000)
  to   space 5632K, 0% used [0x00000000d6e00000,0x00000000d6e00000,0x00000000d7380000)
 ParOldGen       total 68608K, used 9978K [0x0000000080000000, 0x0000000084300000, 0x00000000d5580000)
  object space 68608K, 14% used [0x0000000080000000,0x00000000809be928,0x0000000084300000)
 Metaspace       used 21190K, committed 21760K, reserved 1114112K
  class space    used 2037K, committed 2304K, reserved 1048576K

Card table byte_map: [0x0000022ca0fe0000,0x0000022ca13f0000] _byte_map_base: 0x0000022ca0be0000

Marking Bits: (ParMarkBitMap*) 0x00007ffbe1703450
 Begin Bits: [0x0000022cb3af0000, 0x0000022cb5af0000)
 End Bits:   [0x0000022cb5af0000, 0x0000022cb7af0000)

Polling page: 0x0000022c9f3f0000

Metaspace:

Usage:
  Non-class:     18.70 MB used.
      Class:      1.99 MB used.
       Both:     20.69 MB used.

Virtual space:
  Non-class space:       64.00 MB reserved,      19.00 MB ( 30%) committed,  1 nodes.
      Class space:        1.00 GB reserved,       2.25 MB ( <1%) committed,  1 nodes.
             Both:        1.06 GB reserved,      21.25 MB (  2%) committed. 

Chunk freelists:
   Non-Class:  12.45 MB
       Class:  13.56 MB
        Both:  26.01 MB

MaxMetaspaceSize: unlimited
CompressedClassSpaceSize: 1.00 GB
Initial GC threshold: 21.00 MB
Current GC threshold: 35.00 MB
CDS: on
 - commit_granule_bytes: 65536.
 - commit_granule_words: 8192.
 - virtual_space_node_default_size: 8388608.
 - enlarge_chunks_in_place: 1.
 - use_allocation_guard: 0.


Internal statistics:

num_allocs_failed_limit: 3.
num_arena_births: 466.
num_arena_deaths: 14.
num_vsnodes_births: 2.
num_vsnodes_deaths: 0.
num_space_committed: 340.
num_space_uncommitted: 0.
num_chunks_returned_to_freelist: 17.
num_chunks_taken_from_freelist: 1247.
num_chunk_merges: 9.
num_chunk_splits: 809.
num_chunks_enlarged: 540.
num_inconsistent_stats: 0.

CodeHeap 'non-profiled nmethods': size=120000Kb used=1191Kb max_used=1191Kb free=118808Kb
 bounds [0x0000022cac310000, 0x0000022cac580000, 0x0000022cb3840000]
CodeHeap 'profiled nmethods': size=120000Kb used=5541Kb max_used=5541Kb free=114458Kb
 bounds [0x0000022ca4840000, 0x0000022ca4db0000, 0x0000022cabd70000]
CodeHeap 'non-nmethods': size=5760Kb used=1305Kb max_used=1337Kb free=4454Kb
 bounds [0x0000022cabd70000, 0x0000022cabfe0000, 0x0000022cac310000]
CodeCache: size=245760Kb, used=8037Kb, max_used=8069Kb, free=237720Kb
 total_blobs=3374, nmethods=2786, adapters=494, full_count=0
Compilation: enabled, stopped_count=0, restarted_count=0

Compilation events (20 events):
Event: 5.827 Thread 0x0000022cfa878120 nmethod 2744 0x0000022ca4d8df10 code [0x0000022ca4d8e140, 0x0000022ca4d8e8a0]
Event: 5.847 Thread 0x0000022cfa878120 2745       1       org.eclipse.core.internal.jobs.InternalJob::previous (5 bytes)
Event: 5.847 Thread 0x0000022cfa878120 nmethod 2745 0x0000022cac430810 code [0x0000022cac4309a0, 0x0000022cac430a68]
Event: 5.885 Thread 0x0000022cfa878120 2746       1       sun.util.locale.StringTokenIterator::isDone (5 bytes)
Event: 5.885 Thread 0x0000022cfa878120 nmethod 2746 0x0000022cac430b10 code [0x0000022cac430ca0, 0x0000022cac430d70]
Event: 5.885 Thread 0x0000022cfa878120 2747       3       java.lang.ref.SoftReference::<init> (14 bytes)
Event: 5.885 Thread 0x0000022cfa878120 nmethod 2747 0x0000022ca4d8eb90 code [0x0000022ca4d8ed40, 0x0000022ca4d8efa0]
Event: 5.885 Thread 0x0000022cfa878120 2748       3       sun.util.locale.LocaleUtils::toLower (17 bytes)
Event: 5.885 Thread 0x0000022cfa878120 nmethod 2748 0x0000022ca4d8f090 code [0x0000022ca4d8f240, 0x0000022ca4d8f458]
Event: 5.885 Thread 0x0000022cfa878120 2749       1       sun.util.locale.BaseLocale::getRegion (5 bytes)
Event: 5.886 Thread 0x0000022cfa878120 nmethod 2749 0x0000022cac430e10 code [0x0000022cac430fa0, 0x0000022cac431068]
Event: 5.886 Thread 0x0000022cfa878120 2750       1       sun.util.locale.BaseLocale::getVariant (5 bytes)
Event: 5.886 Thread 0x0000022cfa878120 nmethod 2750 0x0000022cac431110 code [0x0000022cac4312a0, 0x0000022cac431368]
Event: 5.886 Thread 0x0000022cfa878120 2751       1       sun.util.locale.StringTokenIterator::current (5 bytes)
Event: 5.886 Thread 0x0000022cfa878120 nmethod 2751 0x0000022cac431410 code [0x0000022cac4315a0, 0x0000022cac431668]
Event: 5.886 Thread 0x0000022cfa878120 2752       1       sun.util.locale.BaseLocale::getScript (5 bytes)
Event: 5.886 Thread 0x0000022cfa878120 nmethod 2752 0x0000022cac431710 code [0x0000022cac4318a0, 0x0000022cac431968]
Event: 5.886 Thread 0x0000022cfa878120 2753       3       sun.util.locale.LocaleUtils::isAlpha (30 bytes)
Event: 5.886 Thread 0x0000022cfa878120 nmethod 2753 0x0000022ca4d8f510 code [0x0000022ca4d8f6c0, 0x0000022ca4d8f890]
Event: 5.886 Thread 0x0000022cfa878120 2754       3       sun.util.locale.LocaleUtils::toLowerString (95 bytes)

GC Heap History (14 events):
Event: 1.784 GC heap before
{Heap before GC invocations=1 (full 0):
 PSYoungGen      total 29696K, used 25600K [0x00000000d5580000, 0x00000000d7680000, 0x0000000100000000)
  eden space 25600K, 100% used [0x00000000d5580000,0x00000000d6e80000,0x00000000d6e80000)
  from space 4096K, 0% used [0x00000000d7280000,0x00000000d7280000,0x00000000d7680000)
  to   space 4096K, 0% used [0x00000000d6e80000,0x00000000d6e80000,0x00000000d7280000)
 ParOldGen       total 68608K, used 0K [0x0000000080000000, 0x0000000084300000, 0x00000000d5580000)
  object space 68608K, 0% used [0x0000000080000000,0x0000000080000000,0x0000000084300000)
 Metaspace       used 4357K, committed 4608K, reserved 1114112K
  class space    used 474K, committed 576K, reserved 1048576K
}
Event: 1.793 GC heap after
{Heap after GC invocations=1 (full 0):
 PSYoungGen      total 29696K, used 3280K [0x00000000d5580000, 0x00000000d7680000, 0x0000000100000000)
  eden space 25600K, 0% used [0x00000000d5580000,0x00000000d5580000,0x00000000d6e80000)
  from space 4096K, 80% used [0x00000000d6e80000,0x00000000d71b4148,0x00000000d7280000)
  to   space 4096K, 0% used [0x00000000d7280000,0x00000000d7280000,0x00000000d7680000)
 ParOldGen       total 68608K, used 16K [0x0000000080000000, 0x0000000084300000, 0x00000000d5580000)
  object space 68608K, 0% used [0x0000000080000000,0x0000000080004000,0x0000000084300000)
 Metaspace       used 4357K, committed 4608K, reserved 1114112K
  class space    used 474K, committed 576K, reserved 1048576K
}
Event: 3.177 GC heap before
{Heap before GC invocations=2 (full 0):
 PSYoungGen      total 29696K, used 28880K [0x00000000d5580000, 0x00000000d7680000, 0x0000000100000000)
  eden space 25600K, 100% used [0x00000000d5580000,0x00000000d6e80000,0x00000000d6e80000)
  from space 4096K, 80% used [0x00000000d6e80000,0x00000000d71b4148,0x00000000d7280000)
  to   space 4096K, 0% used [0x00000000d7280000,0x00000000d7280000,0x00000000d7680000)
 ParOldGen       total 68608K, used 16K [0x0000000080000000, 0x0000000084300000, 0x00000000d5580000)
  object space 68608K, 0% used [0x0000000080000000,0x0000000080004000,0x0000000084300000)
 Metaspace       used 8213K, committed 8512K, reserved 1114112K
  class space    used 873K, committed 1024K, reserved 1048576K
}
Event: 3.187 GC heap after
{Heap after GC invocations=2 (full 0):
 PSYoungGen      total 29696K, used 4093K [0x00000000d5580000, 0x00000000d7680000, 0x0000000100000000)
  eden space 25600K, 0% used [0x00000000d5580000,0x00000000d5580000,0x00000000d6e80000)
  from space 4096K, 99% used [0x00000000d7280000,0x00000000d767f680,0x00000000d7680000)
  to   space 4096K, 0% used [0x00000000d6e80000,0x00000000d6e80000,0x00000000d7280000)
 ParOldGen       total 68608K, used 1150K [0x0000000080000000, 0x0000000084300000, 0x00000000d5580000)
  object space 68608K, 1% used [0x0000000080000000,0x000000008011f840,0x0000000084300000)
 Metaspace       used 8213K, committed 8512K, reserved 1114112K
  class space    used 873K, committed 1024K, reserved 1048576K
}
Event: 4.292 GC heap before
{Heap before GC invocations=3 (full 0):
 PSYoungGen      total 29696K, used 29693K [0x00000000d5580000, 0x00000000d7680000, 0x0000000100000000)
  eden space 25600K, 100% used [0x00000000d5580000,0x00000000d6e80000,0x00000000d6e80000)
  from space 4096K, 99% used [0x00000000d7280000,0x00000000d767f680,0x00000000d7680000)
  to   space 4096K, 0% used [0x00000000d6e80000,0x00000000d6e80000,0x00000000d7280000)
 ParOldGen       total 68608K, used 1150K [0x0000000080000000, 0x0000000084300000, 0x00000000d5580000)
  object space 68608K, 1% used [0x0000000080000000,0x000000008011f840,0x0000000084300000)
 Metaspace       used 13031K, committed 13568K, reserved 1114112K
  class space    used 1375K, committed 1600K, reserved 1048576K
}
Event: 4.300 GC heap after
{Heap after GC invocations=3 (full 0):
 PSYoungGen      total 29696K, used 4064K [0x00000000d5580000, 0x00000000d7680000, 0x0000000100000000)
  eden space 25600K, 0% used [0x00000000d5580000,0x00000000d5580000,0x00000000d6e80000)
  from space 4096K, 99% used [0x00000000d6e80000,0x00000000d72782f0,0x00000000d7280000)
  to   space 4096K, 0% used [0x00000000d7280000,0x00000000d7280000,0x00000000d7680000)
 ParOldGen       total 68608K, used 3321K [0x0000000080000000, 0x0000000084300000, 0x00000000d5580000)
  object space 68608K, 4% used [0x0000000080000000,0x000000008033e7d8,0x0000000084300000)
 Metaspace       used 13031K, committed 13568K, reserved 1114112K
  class space    used 1375K, committed 1600K, reserved 1048576K
}
Event: 5.041 GC heap before
{Heap before GC invocations=4 (full 0):
 PSYoungGen      total 29696K, used 29425K [0x00000000d5580000, 0x00000000d7680000, 0x0000000100000000)
  eden space 25600K, 99% used [0x00000000d5580000,0x00000000d6e441b0,0x00000000d6e80000)
  from space 4096K, 99% used [0x00000000d6e80000,0x00000000d72782f0,0x00000000d7280000)
  to   space 4096K, 0% used [0x00000000d7280000,0x00000000d7280000,0x00000000d7680000)
 ParOldGen       total 68608K, used 3321K [0x0000000080000000, 0x0000000084300000, 0x00000000d5580000)
  object space 68608K, 4% used [0x0000000080000000,0x000000008033e7d8,0x0000000084300000)
 Metaspace       used 16106K, committed 16768K, reserved 1114112K
  class space    used 1683K, committed 1984K, reserved 1048576K
}
Event: 5.047 GC heap after
{Heap after GC invocations=4 (full 0):
 PSYoungGen      total 29696K, used 4093K [0x00000000d5580000, 0x00000000d7680000, 0x0000000100000000)
  eden space 25600K, 0% used [0x00000000d5580000,0x00000000d5580000,0x00000000d6e80000)
  from space 4096K, 99% used [0x00000000d7280000,0x00000000d767f528,0x00000000d7680000)
  to   space 4096K, 0% used [0x00000000d6e80000,0x00000000d6e80000,0x00000000d7280000)
 ParOldGen       total 68608K, used 6007K [0x0000000080000000, 0x0000000084300000, 0x00000000d5580000)
  object space 68608K, 8% used [0x0000000080000000,0x00000000805ddc88,0x0000000084300000)
 Metaspace       used 16106K, committed 16768K, reserved 1114112K
  class space    used 1683K, committed 1984K, reserved 1048576K
}
Event: 5.458 GC heap before
{Heap before GC invocations=5 (full 0):
 PSYoungGen      total 29696K, used 29693K [0x00000000d5580000, 0x00000000d7680000, 0x0000000100000000)
  eden space 25600K, 100% used [0x00000000d5580000,0x00000000d6e80000,0x00000000d6e80000)
  from space 4096K, 99% used [0x00000000d7280000,0x00000000d767f528,0x00000000d7680000)
  to   space 4096K, 0% used [0x00000000d6e80000,0x00000000d6e80000,0x00000000d7280000)
 ParOldGen       total 68608K, used 6007K [0x0000000080000000, 0x0000000084300000, 0x00000000d5580000)
  object space 68608K, 8% used [0x0000000080000000,0x00000000805ddc88,0x0000000084300000)
 Metaspace       used 20174K, committed 20800K, reserved 1114112K
  class space    used 1981K, committed 2304K, reserved 1048576K
}
Event: 5.466 GC heap after
{Heap after GC invocations=5 (full 0):
 PSYoungGen      total 29184K, used 4074K [0x00000000d5580000, 0x00000000d7900000, 0x0000000100000000)
  eden space 25088K, 0% used [0x00000000d5580000,0x00000000d5580000,0x00000000d6e00000)
  from space 4096K, 99% used [0x00000000d6e80000,0x00000000d727abe0,0x00000000d7280000)
  to   space 5632K, 0% used [0x00000000d7380000,0x00000000d7380000,0x00000000d7900000)
 ParOldGen       total 68608K, used 6275K [0x0000000080000000, 0x0000000084300000, 0x00000000d5580000)
  object space 68608K, 9% used [0x0000000080000000,0x0000000080620ef8,0x0000000084300000)
 Metaspace       used 20174K, committed 20800K, reserved 1114112K
  class space    used 1981K, committed 2304K, reserved 1048576K
}
Event: 5.730 GC heap before
{Heap before GC invocations=6 (full 0):
 PSYoungGen      total 29184K, used 22606K [0x00000000d5580000, 0x00000000d7900000, 0x0000000100000000)
  eden space 25088K, 73% used [0x00000000d5580000,0x00000000d6798c98,0x00000000d6e00000)
  from space 4096K, 99% used [0x00000000d6e80000,0x00000000d727abe0,0x00000000d7280000)
  to   space 5632K, 0% used [0x00000000d7380000,0x00000000d7380000,0x00000000d7900000)
 ParOldGen       total 68608K, used 6275K [0x0000000080000000, 0x0000000084300000, 0x00000000d5580000)
  object space 68608K, 9% used [0x0000000080000000,0x0000000080620ef8,0x0000000084300000)
 Metaspace       used 20930K, committed 21504K, reserved 1114112K
  class space    used 2022K, committed 2304K, reserved 1048576K
}
Event: 5.737 GC heap after
{Heap after GC invocations=6 (full 0):
 PSYoungGen      total 30720K, used 5142K [0x00000000d5580000, 0x00000000d7900000, 0x0000000100000000)
  eden space 25088K, 0% used [0x00000000d5580000,0x00000000d5580000,0x00000000d6e00000)
  from space 5632K, 91% used [0x00000000d7380000,0x00000000d7885970,0x00000000d7900000)
  to   space 5632K, 0% used [0x00000000d6e00000,0x00000000d6e00000,0x00000000d7380000)
 ParOldGen       total 68608K, used 7065K [0x0000000080000000, 0x0000000084300000, 0x00000000d5580000)
  object space 68608K, 10% used [0x0000000080000000,0x00000000806e6408,0x0000000084300000)
 Metaspace       used 20930K, committed 21504K, reserved 1114112K
  class space    used 2022K, committed 2304K, reserved 1048576K
}
Event: 5.737 GC heap before
{Heap before GC invocations=7 (full 1):
 PSYoungGen      total 30720K, used 5142K [0x00000000d5580000, 0x00000000d7900000, 0x0000000100000000)
  eden space 25088K, 0% used [0x00000000d5580000,0x00000000d5580000,0x00000000d6e00000)
  from space 5632K, 91% used [0x00000000d7380000,0x00000000d7885970,0x00000000d7900000)
  to   space 5632K, 0% used [0x00000000d6e00000,0x00000000d6e00000,0x00000000d7380000)
 ParOldGen       total 68608K, used 7065K [0x0000000080000000, 0x0000000084300000, 0x00000000d5580000)
  object space 68608K, 10% used [0x0000000080000000,0x00000000806e6408,0x0000000084300000)
 Metaspace       used 20930K, committed 21504K, reserved 1114112K
  class space    used 2022K, committed 2304K, reserved 1048576K
}
Event: 5.769 GC heap after
{Heap after GC invocations=7 (full 1):
 PSYoungGen      total 30720K, used 0K [0x00000000d5580000, 0x00000000d7900000, 0x0000000100000000)
  eden space 25088K, 0% used [0x00000000d5580000,0x00000000d5580000,0x00000000d6e00000)
  from space 5632K, 0% used [0x00000000d7380000,0x00000000d7380000,0x00000000d7900000)
  to   space 5632K, 0% used [0x00000000d6e00000,0x00000000d6e00000,0x00000000d7380000)
 ParOldGen       total 68608K, used 9978K [0x0000000080000000, 0x0000000084300000, 0x00000000d5580000)
  object space 68608K, 14% used [0x0000000080000000,0x00000000809be928,0x0000000084300000)
 Metaspace       used 20917K, committed 21504K, reserved 1114112K
  class space    used 2018K, committed 2304K, reserved 1048576K
}

Dll operation events (11 events):
Event: 0.016 Loaded shared library c:\Users\adoni\.vscode\extensions\redhat.java-1.54.0-win32-x64\jre\21.0.10-win32-x86_64\bin\java.dll
Event: 0.276 Loaded shared library c:\Users\adoni\.vscode\extensions\redhat.java-1.54.0-win32-x64\jre\21.0.10-win32-x86_64\bin\zip.dll
Event: 0.347 Loaded shared library C:\Users\adoni\.vscode\extensions\redhat.java-1.54.0-win32-x64\jre\21.0.10-win32-x86_64\bin\instrument.dll
Event: 0.459 Loaded shared library C:\Users\adoni\.vscode\extensions\redhat.java-1.54.0-win32-x64\jre\21.0.10-win32-x86_64\bin\net.dll
Event: 0.466 Loaded shared library C:\Users\adoni\.vscode\extensions\redhat.java-1.54.0-win32-x64\jre\21.0.10-win32-x86_64\bin\nio.dll
Event: 0.483 Loaded shared library C:\Users\adoni\.vscode\extensions\redhat.java-1.54.0-win32-x64\jre\21.0.10-win32-x86_64\bin\zip.dll
Event: 0.559 Loaded shared library C:\Users\adoni\.vscode\extensions\redhat.java-1.54.0-win32-x64\jre\21.0.10-win32-x86_64\bin\jimage.dll
Event: 0.688 Loaded shared library c:\Users\adoni\.vscode\extensions\redhat.java-1.54.0-win32-x64\jre\21.0.10-win32-x86_64\bin\verify.dll
Event: 3.124 Loaded shared library C:\Users\adoni\AppData\Roaming\Code\User\globalStorage\redhat.java\1.54.0\config_ss_win\org.eclipse.equinox.launcher\org.eclipse.equinox.launcher.win32.win32.x86_64_1.3.0.v20260203-2149\eclipse_11919.dll
Event: 4.542 Loaded shared library C:\Users\adoni\.vscode\extensions\redhat.java-1.54.0-win32-x64\jre\21.0.10-win32-x86_64\bin\management.dll
Event: 4.618 Loaded shared library C:\Users\adoni\.vscode\extensions\redhat.java-1.54.0-win32-x64\jre\21.0.10-win32-x86_64\bin\management_ext.dll

Deoptimization events (20 events):
Event: 4.880 Thread 0x0000022cff2876b0 DEOPT PACKING pc=0x0000022cac4154d4 sp=0x0000003f617f81f0
Event: 4.880 Thread 0x0000022cff2876b0 DEOPT UNPACKING pc=0x0000022cabdc3aa2 sp=0x0000003f617f8178 mode 2
Event: 5.294 Thread 0x0000022cff2876b0 Uncommon trap: trap_request=0xffffff6e fr.pc=0x0000022cac4211d8 relative=0x0000000000000a58
Event: 5.294 Thread 0x0000022cff2876b0 Uncommon trap: reason=loop_limit_check action=maybe_recompile pc=0x0000022cac4211d8 method=java.util.regex.Pattern$StartS.match(Ljava/util/regex/Matcher;ILjava/lang/CharSequence;)Z @ 34 c2
Event: 5.294 Thread 0x0000022cff2876b0 DEOPT PACKING pc=0x0000022cac4211d8 sp=0x0000003f617f2b20
Event: 5.294 Thread 0x0000022cff2876b0 DEOPT UNPACKING pc=0x0000022cabdc3aa2 sp=0x0000003f617f2a70 mode 2
Event: 5.347 Thread 0x0000022cff2876b0 Uncommon trap: trap_request=0xffffff45 fr.pc=0x0000022cac425504 relative=0x0000000000000164
Event: 5.347 Thread 0x0000022cff2876b0 Uncommon trap: reason=unstable_if action=reinterpret pc=0x0000022cac425504 method=org.lombokweb.asm.ByteVector.putByteArray([BII)Lorg/lombokweb/asm/ByteVector; @ 20 c2
Event: 5.347 Thread 0x0000022cff2876b0 DEOPT PACKING pc=0x0000022cac425504 sp=0x0000003f617eee90
Event: 5.347 Thread 0x0000022cff2876b0 DEOPT UNPACKING pc=0x0000022cabdc3aa2 sp=0x0000003f617eee60 mode 2
Event: 5.347 Thread 0x0000022cff2876b0 Uncommon trap: trap_request=0xffffff45 fr.pc=0x0000022cac424e50 relative=0x0000000000000390
Event: 5.347 Thread 0x0000022cff2876b0 Uncommon trap: reason=unstable_if action=reinterpret pc=0x0000022cac424e50 method=org.lombokweb.asm.Label.resolve([BLorg/lombokweb/asm/ByteVector;I)Z @ 81 c2
Event: 5.347 Thread 0x0000022cff2876b0 DEOPT PACKING pc=0x0000022cac424e50 sp=0x0000003f617eef20
Event: 5.347 Thread 0x0000022cff2876b0 DEOPT UNPACKING pc=0x0000022cabdc3aa2 sp=0x0000003f617eee28 mode 2
Event: 5.698 Thread 0x0000022cff2876b0 DEOPT PACKING pc=0x0000022ca48f9e39 sp=0x0000003f617f8060
Event: 5.698 Thread 0x0000022cff2876b0 DEOPT UNPACKING pc=0x0000022cabdc4242 sp=0x0000003f617f7560 mode 0
Event: 5.806 Thread 0x0000022cff2876b0 DEOPT PACKING pc=0x0000022ca495c9a5 sp=0x0000003f617f8160
Event: 5.806 Thread 0x0000022cff2876b0 DEOPT UNPACKING pc=0x0000022cabdc4242 sp=0x0000003f617f7648 mode 0
Event: 5.807 Thread 0x0000022cff2876b0 DEOPT PACKING pc=0x0000022ca4c33ed6 sp=0x0000003f617f7f10
Event: 5.807 Thread 0x0000022cff2876b0 DEOPT UNPACKING pc=0x0000022cabdc4242 sp=0x0000003f617f7420 mode 0

Classes loaded (20 events):
Event: 4.945 Loading class java/util/zip/GZIPInputStream
Event: 4.946 Loading class java/util/zip/GZIPInputStream done
Event: 4.947 Loading class java/util/zip/GZIPOutputStream
Event: 4.948 Loading class java/util/zip/GZIPOutputStream done
Event: 4.951 Loading class java/net/SocketTimeoutException
Event: 4.951 Loading class java/io/InterruptedIOException
Event: 4.951 Loading class java/io/InterruptedIOException done
Event: 4.951 Loading class java/net/SocketTimeoutException done
Event: 4.951 Loading class java/net/SocketException
Event: 4.951 Loading class java/net/SocketException done
Event: 4.951 Loading class java/net/UnknownHostException
Event: 4.951 Loading class java/net/UnknownHostException done
Event: 4.951 Loading class java/net/ProtocolException
Event: 4.951 Loading class java/net/ProtocolException done
Event: 4.983 Loading class java/lang/ThreadLocal$SuppliedThreadLocal
Event: 4.983 Loading class java/lang/ThreadLocal$SuppliedThreadLocal done
Event: 4.993 Loading class java/io/FileWriter
Event: 4.993 Loading class java/io/FileWriter done
Event: 5.078 Loading class java/lang/NegativeArraySizeException
Event: 5.078 Loading class java/lang/NegativeArraySizeException done

Classes unloaded (7 events):
Event: 5.742 Thread 0x0000022ca15b1a70 Unloading class 0x0000022cb9194c00 'java/lang/invoke/LambdaForm$MH+0x0000022cb9194c00'
Event: 5.742 Thread 0x0000022ca15b1a70 Unloading class 0x0000022cb9194800 'java/lang/invoke/LambdaForm$MH+0x0000022cb9194800'
Event: 5.742 Thread 0x0000022ca15b1a70 Unloading class 0x0000022cb9194400 'java/lang/invoke/LambdaForm$MH+0x0000022cb9194400'
Event: 5.742 Thread 0x0000022ca15b1a70 Unloading class 0x0000022cb9194000 'java/lang/invoke/LambdaForm$MH+0x0000022cb9194000'
Event: 5.742 Thread 0x0000022ca15b1a70 Unloading class 0x0000022cb9193c00 'java/lang/invoke/LambdaForm$BMH+0x0000022cb9193c00'
Event: 5.742 Thread 0x0000022ca15b1a70 Unloading class 0x0000022cb9193800 'java/lang/invoke/LambdaForm$DMH+0x0000022cb9193800'
Event: 5.742 Thread 0x0000022ca15b1a70 Unloading class 0x0000022cb9192400 'java/lang/invoke/LambdaForm$DMH+0x0000022cb9192400'

Classes redefined (0 events):
No events

Internal exceptions (20 events):
Event: 4.826 Thread 0x0000022cff2876b0 Exception <a 'java/lang/NoSuchMethodError'{0x00000000d60a4fc8}: 'java.lang.Object java.lang.invoke.DirectMethodHandle$Holder.newInvokeSpecial(java.lang.Object, java.lang.Object, java.lang.Object, int, java.lang.Object)'> (0x00000000d60a4fc8) 
thrown [s\src\hotspot\share\interpreter\linkResolver.cpp, line 773]
Event: 4.827 Thread 0x0000022cff2876b0 Exception <a 'java/lang/NoSuchMethodError'{0x00000000d60a8f48}: 'java.lang.Object java.lang.invoke.DirectMethodHandle$Holder.invokeSpecial(java.lang.Object, java.lang.Object, java.lang.Object, java.lang.Object, int, java.lang.Object)'> (0x00000000d60a8f48) 
thrown [s\src\hotspot\share\interpreter\linkResolver.cpp, line 773]
Event: 4.827 Thread 0x0000022cff2876b0 Exception <a 'java/lang/NoSuchMethodError'{0x00000000d60aca88}: 'java.lang.Object java.lang.invoke.Invokers$Holder.linkToTargetMethod(java.lang.Object, java.lang.Object, int, java.lang.Object, java.lang.Object)'> (0x00000000d60aca88) 
thrown [s\src\hotspot\share\interpreter\linkResolver.cpp, line 773]
Event: 4.828 Thread 0x0000022c8052d5a0 Exception <a 'java/lang/NoSuchMethodError'{0x00000000d5fced00}: 'java.lang.Object java.lang.invoke.DirectMethodHandle$Holder.invokeSpecial(java.lang.Object, java.lang.Object, int, java.lang.Object, java.lang.Object)'> (0x00000000d5fced00) 
thrown [s\src\hotspot\share\interpreter\linkResolver.cpp, line 773]
Event: 4.829 Thread 0x0000022c8052d5a0 Exception <a 'java/lang/NoSuchMethodError'{0x00000000d5fd5a38}: 'java.lang.Object java.lang.invoke.DirectMethodHandle$Holder.newInvokeSpecial(java.lang.Object, java.lang.Object, int, java.lang.Object)'> (0x00000000d5fd5a38) 
thrown [s\src\hotspot\share\interpreter\linkResolver.cpp, line 773]
Event: 4.830 Thread 0x0000022c8052d5a0 Exception <a 'java/lang/NoSuchMethodError'{0x00000000d5fd9318}: 'java.lang.Object java.lang.invoke.DirectMethodHandle$Holder.invokeSpecial(java.lang.Object, java.lang.Object, java.lang.Object, int, java.lang.Object)'> (0x00000000d5fd9318) 
thrown [s\src\hotspot\share\interpreter\linkResolver.cpp, line 773]
Event: 4.858 Thread 0x0000022cff2876b0 Exception <a 'java/lang/NoSuchMethodError'{0x00000000d61f9988}: 'void java.lang.invoke.DirectMethodHandle$Holder.invokeSpecial(java.lang.Object, java.lang.Object, java.lang.Object, java.lang.Object, java.lang.Object)'> (0x00000000d61f9988) 
thrown [s\src\hotspot\share\interpreter\linkResolver.cpp, line 773]
Event: 4.880 Thread 0x0000022cff2876b0 Exception <a 'java/lang/NoSuchMethodError'{0x00000000d627d4f8}: 'double java.lang.invoke.DirectMethodHandle$Holder.invokeStatic(java.lang.Object, java.lang.Object)'> (0x00000000d627d4f8) 
thrown [s\src\hotspot\share\interpreter\linkResolver.cpp, line 773]
Event: 4.881 Thread 0x0000022cff2876b0 Exception <a 'java/lang/NoSuchMethodError'{0x00000000d6280bb8}: 'double java.lang.invoke.DirectMethodHandle$Holder.invokeStaticInit(java.lang.Object, java.lang.Object)'> (0x00000000d6280bb8) 
thrown [s\src\hotspot\share\interpreter\linkResolver.cpp, line 773]
Event: 5.082 Thread 0x0000022cff2876b0 Exception <a 'java/io/FileNotFoundException'{0x00000000d5a28d68}> (0x00000000d5a28d68) 
thrown [s\src\hotspot\share\prims\jni.cpp, line 520]
Event: 5.082 Thread 0x0000022cff2876b0 Exception <a 'java/io/FileNotFoundException'{0x00000000d5a29b98}> (0x00000000d5a29b98) 
thrown [s\src\hotspot\share\prims\jni.cpp, line 520]
Event: 5.082 Thread 0x0000022cff2876b0 Exception <a 'java/io/FileNotFoundException'{0x00000000d5a2aac8}> (0x00000000d5a2aac8) 
thrown [s\src\hotspot\share\prims\jni.cpp, line 520]
Event: 5.265 Thread 0x0000022cff2876b0 Exception <a 'java/lang/NoSuchMethodError'{0x00000000d638dd78}: 'int java.lang.invoke.DirectMethodHandle$Holder.invokeStaticInit(java.lang.Object, java.lang.Object, java.lang.Object)'> (0x00000000d638dd78) 
thrown [s\src\hotspot\share\interpreter\linkResolver.cpp, line 773]
Event: 5.347 Thread 0x0000022cff2876b0 Implicit null exception at 0x0000022cac4253f5 to 0x0000022cac4254e8
Event: 5.476 Thread 0x0000022cff2876b0 Exception <a 'java/io/FileNotFoundException'{0x00000000d5627b50}> (0x00000000d5627b50) 
thrown [s\src\hotspot\share\prims\jni.cpp, line 520]
Event: 5.492 Thread 0x0000022cff2876b0 Exception <a 'java/lang/NoSuchMethodError'{0x00000000d562f3c8}: 'java.lang.Object java.lang.invoke.DirectMethodHandle$Holder.newInvokeSpecial(java.lang.Object, int, java.lang.Object, java.lang.Object)'> (0x00000000d562f3c8) 
thrown [s\src\hotspot\share\interpreter\linkResolver.cpp, line 773]
Event: 5.552 Thread 0x0000022cff2876b0 Exception <a 'java/io/FileNotFoundException'{0x00000000d61e1300}> (0x00000000d61e1300) 
thrown [s\src\hotspot\share\prims\jni.cpp, line 520]
Event: 5.553 Thread 0x0000022cff2876b0 Exception <a 'java/io/FileNotFoundException'{0x00000000d61e2300}> (0x00000000d61e2300) 
thrown [s\src\hotspot\share\prims\jni.cpp, line 520]
Event: 5.555 Thread 0x0000022cff2876b0 Exception <a 'java/io/FileNotFoundException'{0x00000000d61f02d0}> (0x00000000d61f02d0) 
thrown [s\src\hotspot\share\prims\jni.cpp, line 520]
Event: 5.872 Thread 0x0000022cff2876b0 Exception <a 'java/io/FileNotFoundException'{0x00000000d57ba520}> (0x00000000d57ba520) 
thrown [s\src\hotspot\share\prims\jni.cpp, line 520]

ZGC Phase Switch (0 events):
No events

VM Operations (20 events):
Event: 3.177 Executing safepoint VM operation: ParallelGCFailedAllocation (Allocation Failure)
Event: 3.187 Executing safepoint VM operation: ParallelGCFailedAllocation (Allocation Failure) done
Event: 3.459 Executing non-safepoint VM operation: HandshakeAllThreads (Deoptimize)
Event: 3.459 Executing non-safepoint VM operation: HandshakeAllThreads (Deoptimize) done
Event: 3.887 Executing non-safepoint VM operation: HandshakeAllThreads (Deoptimize)
Event: 3.887 Executing non-safepoint VM operation: HandshakeAllThreads (Deoptimize) done
Event: 4.291 Executing safepoint VM operation: ParallelGCFailedAllocation (Allocation Failure)
Event: 4.300 Executing safepoint VM operation: ParallelGCFailedAllocation (Allocation Failure) done
Event: 4.676 Executing non-safepoint VM operation: HandshakeAllThreads (Deoptimize)
Event: 4.676 Executing non-safepoint VM operation: HandshakeAllThreads (Deoptimize) done
Event: 4.683 Executing non-safepoint VM operation: HandshakeAllThreads (Deoptimize)
Event: 4.683 Executing non-safepoint VM operation: HandshakeAllThreads (Deoptimize) done
Event: 4.702 Executing non-safepoint VM operation: HandshakeAllThreads (Deoptimize)
Event: 4.702 Executing non-safepoint VM operation: HandshakeAllThreads (Deoptimize) done
Event: 5.041 Executing safepoint VM operation: ParallelGCFailedAllocation (Allocation Failure)
Event: 5.047 Executing safepoint VM operation: ParallelGCFailedAllocation (Allocation Failure) done
Event: 5.458 Executing safepoint VM operation: ParallelGCFailedAllocation (Allocation Failure)
Event: 5.466 Executing safepoint VM operation: ParallelGCFailedAllocation (Allocation Failure) done
Event: 5.730 Executing safepoint VM operation: CollectForMetadataAllocation (Metadata GC Threshold)
Event: 5.769 Executing safepoint VM operation: CollectForMetadataAllocation (Metadata GC Threshold) done

Memory protections (0 events):
No events

Nmethod flushes (0 events):
No events

Events (20 events):
Event: 2.785 Thread 0x0000022cff21c6b0 Thread exited: 0x0000022cff21c6b0
Event: 2.785 Thread 0x0000022cff21c000 Thread exited: 0x0000022cff21c000
Event: 3.054 Thread 0x0000022cfa878120 Thread added: 0x0000022cff414e40
Event: 3.112 Thread 0x0000022ca163c010 Thread added: 0x0000022c800a2180
Event: 3.117 Thread 0x0000022ca163c010 Thread added: 0x0000022cff2876b0
Event: 3.275 Thread 0x0000022cff414e40 Thread exited: 0x0000022cff414e40
Event: 3.430 Thread 0x0000022cff2876b0 Thread added: 0x0000022c80137780
Event: 3.599 Thread 0x0000022cfa878120 Thread added: 0x0000022cfaba51f0
Event: 3.600 Thread 0x0000022cfa878120 Thread added: 0x0000022cfac0e750
Event: 4.022 Thread 0x0000022cff2876b0 Thread added: 0x0000022c801ca6a0
Event: 4.133 Thread 0x0000022cfac0e750 Thread exited: 0x0000022cfac0e750
Event: 4.214 Thread 0x0000022cfaba51f0 Thread exited: 0x0000022cfaba51f0
Event: 4.711 Thread 0x0000022cfa878120 Thread added: 0x0000022c802a9710
Event: 4.797 Thread 0x0000022cff2876b0 Thread added: 0x0000022c8052d5a0
Event: 4.816 Thread 0x0000022c802a9710 Thread exited: 0x0000022c802a9710
Event: 4.829 Thread 0x0000022cff2876b0 Thread added: 0x0000022c804b8bf0
Event: 5.029 Thread 0x0000022cfa878120 Thread added: 0x0000022c805189b0
Event: 5.306 Thread 0x0000022c805189b0 Thread exited: 0x0000022c805189b0
Event: 5.446 Thread 0x0000022cfa878120 Thread added: 0x0000022c80765dd0
Event: 5.846 Thread 0x0000022cff2876b0 Thread added: 0x0000022c8058dfb0


Dynamic libraries:
0x00007ff79e5b0000 - 0x00007ff79e5be000 	c:\Users\adoni\.vscode\extensions\redhat.java-1.54.0-win32-x64\jre\21.0.10-win32-x86_64\bin\java.exe
0x00007ffc4db80000 - 0x00007ffc4dde7000 	C:\WINDOWS\SYSTEM32\ntdll.dll
0x00007ffc4c9e0000 - 0x00007ffc4caa9000 	C:\WINDOWS\System32\KERNEL32.DLL
0x00007ffc4a690000 - 0x00007ffc4aa81000 	C:\WINDOWS\System32\KERNELBASE.dll
0x00007ffc4b4a0000 - 0x00007ffc4b5eb000 	C:\WINDOWS\System32\ucrtbase.dll
0x00007ffc0dd40000 - 0x00007ffc0dd58000 	c:\Users\adoni\.vscode\extensions\redhat.java-1.54.0-win32-x64\jre\21.0.10-win32-x86_64\bin\jli.dll
0x00007ffc0e360000 - 0x00007ffc0e37e000 	c:\Users\adoni\.vscode\extensions\redhat.java-1.54.0-win32-x64\jre\21.0.10-win32-x86_64\bin\VCRUNTIME140.dll
0x00007ffc4d5b0000 - 0x00007ffc4d775000 	C:\WINDOWS\System32\USER32.dll
0x00007ffc4b470000 - 0x00007ffc4b497000 	C:\WINDOWS\System32\win32u.dll
0x00007ffc33b30000 - 0x00007ffc33dc3000 	C:\WINDOWS\WinSxS\amd64_microsoft.windows.common-controls_6595b64144ccf1df_6.0.26100.8037_none_3e092faae333b53b\COMCTL32.dll
0x00007ffc4cd10000 - 0x00007ffc4cd3b000 	C:\WINDOWS\System32\GDI32.dll
0x00007ffc4d420000 - 0x00007ffc4d4c9000 	C:\WINDOWS\System32\msvcrt.dll
0x00007ffc4b6b0000 - 0x00007ffc4b7db000 	C:\WINDOWS\System32\gdi32full.dll
0x00007ffc4a460000 - 0x00007ffc4a503000 	C:\WINDOWS\System32\msvcp_win.dll
0x00007ffc4cf60000 - 0x00007ffc4cf91000 	C:\WINDOWS\System32\IMM32.DLL
0x00007ffc3f2d0000 - 0x00007ffc3f2dc000 	c:\Users\adoni\.vscode\extensions\redhat.java-1.54.0-win32-x64\jre\21.0.10-win32-x86_64\bin\vcruntime140_1.dll
0x00007ffbe8440000 - 0x00007ffbe84cd000 	c:\Users\adoni\.vscode\extensions\redhat.java-1.54.0-win32-x64\jre\21.0.10-win32-x86_64\bin\msvcp140.dll
0x00007ffbe0a40000 - 0x00007ffbe17e1000 	c:\Users\adoni\.vscode\extensions\redhat.java-1.54.0-win32-x64\jre\21.0.10-win32-x86_64\bin\server\jvm.dll
0x00007ffc4cd40000 - 0x00007ffc4cdfb000 	C:\WINDOWS\System32\ADVAPI32.dll
0x00007ffc4d270000 - 0x00007ffc4d317000 	C:\WINDOWS\System32\sechost.dll
0x00007ffc4b920000 - 0x00007ffc4ba38000 	C:\WINDOWS\System32\RPCRT4.dll
0x00007ffc4c8e0000 - 0x00007ffc4c954000 	C:\WINDOWS\System32\WS2_32.dll
0x00007ffc4a2c0000 - 0x00007ffc4a31e000 	C:\WINDOWS\SYSTEM32\POWRPROF.dll
0x00007ffc438e0000 - 0x00007ffc438eb000 	C:\WINDOWS\SYSTEM32\VERSION.dll
0x00007ffc2ea70000 - 0x00007ffc2eaa5000 	C:\WINDOWS\SYSTEM32\WINMM.dll
0x00007ffc4a2a0000 - 0x00007ffc4a2b4000 	C:\WINDOWS\SYSTEM32\UMPDC.dll
0x00007ffc491b0000 - 0x00007ffc491cb000 	C:\WINDOWS\SYSTEM32\kernel.appcore.dll
0x00007ffc2ffa0000 - 0x00007ffc2ffaa000 	c:\Users\adoni\.vscode\extensions\redhat.java-1.54.0-win32-x64\jre\21.0.10-win32-x86_64\bin\jimage.dll
0x00007ffc48570000 - 0x00007ffc487b2000 	C:\WINDOWS\SYSTEM32\DBGHELP.DLL
0x00007ffc4d7b0000 - 0x00007ffc4db32000 	C:\WINDOWS\System32\combase.dll
0x00007ffc4cfa0000 - 0x00007ffc4d077000 	C:\WINDOWS\System32\OLEAUT32.dll
0x00007ffc33af0000 - 0x00007ffc33b2b000 	C:\WINDOWS\SYSTEM32\dbgcore.DLL
0x00007ffc4b870000 - 0x00007ffc4b915000 	C:\WINDOWS\System32\bcryptPrimitives.dll
0x00007ffc2e9c0000 - 0x00007ffc2e9cf000 	c:\Users\adoni\.vscode\extensions\redhat.java-1.54.0-win32-x64\jre\21.0.10-win32-x86_64\bin\instrument.dll
0x00007ffbe66a0000 - 0x00007ffbe66c0000 	c:\Users\adoni\.vscode\extensions\redhat.java-1.54.0-win32-x64\jre\21.0.10-win32-x86_64\bin\java.dll
0x00007ffc4ba40000 - 0x00007ffc4c19f000 	C:\WINDOWS\System32\SHELL32.dll
0x00007ffc4aa90000 - 0x00007ffc4abfa000 	C:\WINDOWS\System32\wintypes.dll
0x00007ffc4ac00000 - 0x00007ffc4b464000 	C:\WINDOWS\System32\windows.storage.dll
0x00007ffc4d320000 - 0x00007ffc4d417000 	C:\WINDOWS\System32\SHCORE.dll
0x00007ffc4d080000 - 0x00007ffc4d0e7000 	C:\WINDOWS\System32\shlwapi.dll
0x00007ffc4a380000 - 0x00007ffc4a3a9000 	C:\WINDOWS\SYSTEM32\profapi.dll
0x00007ffbe6680000 - 0x00007ffbe6698000 	c:\Users\adoni\.vscode\extensions\redhat.java-1.54.0-win32-x64\jre\21.0.10-win32-x86_64\bin\zip.dll
0x00007ffc2d6d0000 - 0x00007ffc2d6e0000 	C:\Users\adoni\.vscode\extensions\redhat.java-1.54.0-win32-x64\jre\21.0.10-win32-x86_64\bin\net.dll
0x00007ffc43d10000 - 0x00007ffc43e37000 	C:\WINDOWS\SYSTEM32\WINHTTP.dll
0x00007ffc49700000 - 0x00007ffc4976b000 	C:\WINDOWS\system32\mswsock.dll
0x00007ffbe6660000 - 0x00007ffbe6676000 	C:\Users\adoni\.vscode\extensions\redhat.java-1.54.0-win32-x64\jre\21.0.10-win32-x86_64\bin\nio.dll
0x00007ffc2ba40000 - 0x00007ffc2ba50000 	c:\Users\adoni\.vscode\extensions\redhat.java-1.54.0-win32-x64\jre\21.0.10-win32-x86_64\bin\verify.dll
0x00007ffc31de0000 - 0x00007ffc31e25000 	C:\Users\adoni\AppData\Roaming\Code\User\globalStorage\redhat.java\1.54.0\config_ss_win\org.eclipse.equinox.launcher\org.eclipse.equinox.launcher.win32.win32.x86_64_1.3.0.v20260203-2149\eclipse_11919.dll
0x00007ffc4c1b0000 - 0x00007ffc4c345000 	C:\WINDOWS\System32\ole32.dll
0x00007ffc320c0000 - 0x00007ffc320ca000 	C:\Users\adoni\.vscode\extensions\redhat.java-1.54.0-win32-x64\jre\21.0.10-win32-x86_64\bin\management.dll
0x00007ffc320b0000 - 0x00007ffc320bc000 	C:\Users\adoni\.vscode\extensions\redhat.java-1.54.0-win32-x64\jre\21.0.10-win32-x86_64\bin\management_ext.dll
0x00007ffc4d260000 - 0x00007ffc4d268000 	C:\WINDOWS\System32\PSAPI.DLL

JVMTI agents:
c:\Users\adoni\.vscode\extensions\redhat.java-1.54.0-win32-x64\lombok\lombok-1.18.39-4050.jar path:c:\Users\adoni\.vscode\extensions\redhat.java-1.54.0-win32-x64\jre\21.0.10-win32-x86_64\bin\instrument.dll, loaded, initialized, instrumentlib options:none

dbghelp: loaded successfully - version: 4.0.5 - missing functions: none
symbol engine: initialized successfully - sym options: 0x614 - pdb path: .;c:\Users\adoni\.vscode\extensions\redhat.java-1.54.0-win32-x64\jre\21.0.10-win32-x86_64\bin;C:\WINDOWS\SYSTEM32;C:\WINDOWS\WinSxS\amd64_microsoft.windows.common-controls_6595b64144ccf1df_6.0.26100.8037_none_3e092faae333b53b;c:\Users\adoni\.vscode\extensions\redhat.java-1.54.0-win32-x64\jre\21.0.10-win32-x86_64\bin\server;C:\Users\adoni\AppData\Roaming\Code\User\globalStorage\redhat.java\1.54.0\config_ss_win\org.eclipse.equinox.launcher\org.eclipse.equinox.launcher.win32.win32.x86_64_1.3.0.v20260203-2149

VM Arguments:
jvm_args: --add-modules=ALL-SYSTEM --add-opens=java.base/java.util=ALL-UNNAMED --add-opens=java.base/java.lang=ALL-UNNAMED --add-opens=java.base/sun.nio.fs=ALL-UNNAMED -Declipse.application=org.eclipse.jdt.ls.core.id1 -Dosgi.bundles.defaultStartLevel=4 -Declipse.product=org.eclipse.jdt.ls.core.product -Djava.import.generatesMetadataFilesAtProjectRoot=false -DDetectVMInstallationsJob.disabled=true -Dfile.encoding=utf8 -XX:+UseParallelGC -XX:GCTimeRatio=4 -XX:AdaptiveSizePolicyWeight=90 -Dsun.zip.disableMemoryMapping=true -Xmx2G -Xms100m -Xlog:disable -javaagent:c:\Users\adoni\.vscode\extensions\redhat.java-1.54.0-win32-x64\lombok\lombok-1.18.39-4050.jar 
java_command: c:\Users\adoni\.vscode\extensions\redhat.java-1.54.0-win32-x64\server\plugins\org.eclipse.equinox.launcher_1.7.100.v20251111-0406.jar -configuration c:\Users\adoni\AppData\Roaming\Code\User\globalStorage\redhat.java\1.54.0\config_ss_win -data c:\Users\adoni\AppData\Roaming\Code\User\workspaceStorage\1d477e8070bcaa3eec095d7fc0d09262\redhat.java\ss_ws --pipe=\\.\pipe\lsp-0287c617b4ebb0643977b9691408c7f0-sock
java_class_path (initial): c:\Users\adoni\.vscode\extensions\redhat.java-1.54.0-win32-x64\server\plugins\org.eclipse.equinox.launcher_1.7.100.v20251111-0406.jar
Launcher Type: SUN_STANDARD

[Global flags]
    uintx AdaptiveSizePolicyWeight                 = 90                                        {product} {command line}
     intx CICompilerCount                          = 4                                         {product} {ergonomic}
    uintx GCTimeRatio                              = 4                                         {product} {command line}
   size_t InitialHeapSize                          = 104857600                                 {product} {command line}
   size_t MaxHeapSize                              = 2147483648                                {product} {command line}
   size_t MaxNewSize                               = 715653120                                 {product} {ergonomic}
   size_t MinHeapDeltaBytes                        = 524288                                    {product} {ergonomic}
   size_t MinHeapSize                              = 104857600                                 {product} {command line}
   size_t NewSize                                  = 34603008                                  {product} {ergonomic}
    uintx NonNMethodCodeHeapSize                   = 5839372                                {pd product} {ergonomic}
    uintx NonProfiledCodeHeapSize                  = 122909434                              {pd product} {ergonomic}
   size_t OldSize                                  = 70254592                                  {product} {ergonomic}
    uintx ProfiledCodeHeapSize                     = 122909434                              {pd product} {ergonomic}
    uintx ReservedCodeCacheSize                    = 251658240                              {pd product} {ergonomic}
     bool SegmentedCodeCache                       = true                                      {product} {ergonomic}
   size_t SoftMaxHeapSize                          = 2147483648                             {manageable} {ergonomic}
     bool UseCompressedOops                        = true                           {product lp64_product} {ergonomic}
     bool UseLargePagesIndividualAllocation        = false                                  {pd product} {ergonomic}
     bool UseParallelGC                            = true                                      {product} {command line}

Logging:
Log output configuration:
 #0: stdout all=off uptime,level,tags foldmultilines=false
 #1: stderr all=off uptime,level,tags foldmultilines=false

Release file:
JAVA_VERSION="21.0.10" 
MODULES="java.base java.compiler java.datatransfer java.xml java.prefs java.desktop java.instrument java.logging java.management java.security.sasl java.naming java.rmi java.management.rmi java.net.http java.scripting java.security.jgss java.transaction.xa java.sql java.sql.rowset java.xml.crypto java.se java.smartcardio jdk.accessibility jdk.internal.jvmstat jdk.attach jdk.charsets jdk.internal.opt jdk.zipfs jdk.compiler jdk.crypto.ec jdk.crypto.cryptoki jdk.crypto.mscapi jdk.dynalink jdk.internal.ed jdk.editpad jdk.hotspot.agent jdk.httpserver jdk.internal.le jdk.internal.vm.ci jdk.internal.vm.compiler jdk.internal.vm.compiler.management jdk.jartool jdk.javadoc jdk.jcmd jdk.management jdk.management.agent jdk.jconsole jdk.jdeps jdk.jdwp.agent jdk.jdi jdk.jfr jdk.jshell jdk.jsobject jdk.jstatd jdk.localedata jdk.management.jfr jdk.naming.dns jdk.naming.rmi jdk.net jdk.nio.mapmode jdk.random jdk.sctp jdk.security.auth jdk.security.jgss jdk.unsupported jdk.unsupported.desktop jdk.xml.dom" 

Environment Variables:
JAVA_HOME=C:\Users\adoni\Downloads\jdk-26_windows-x64_bin\jdk-26\
PATH=C:\Users\adoni\AppData\Local\Programs\Microsoft VS Code;C:\Program Files\Common Files\Oracle\Java\javapath;C:\Program Files (x86)\NVIDIA Corporation\PhysX\Common;C:\WINDOWS\system32;C:\WINDOWS;C:\WINDOWS\System32\Wbem;C:\WINDOWS\System32\WindowsPowerShell\v1.0\;C:\WINDOWS\System32\OpenSSH\;C:\Program Files (x86)\Microsoft SQL Server\160\Tools\Binn\;C:\Program Files\Microsoft SQL Server\160\Tools\Binn\;C:\Program Files\Microsoft SQL Server\Client SDK\ODBC\170\Tools\Binn\;C:\Program Files\Microsoft SQL Server\160\DTS\Binn\;C:\Program Files (x86)\Windows Kits\8.1\Windows Performance Toolkit\;C:\Users\adoni\AppData\Local\Muse Hub\lib;C:\Program Files\Git\cmd;C:\Program Files\nodejs\;C:\Users\adoni\Downloads\jdk-26_windows-x64_bin\jdk-26\bin;C:\Program Files\MySQL\MySQL Shell 8.0\bin\;C:\Users\adoni\AppData\Local\Programs\Python\Python313\Scripts\;C:\Users\adoni\AppData\Local\Programs\Python\Python313\;C:\Users\adoni\AppData\Local\Programs\Python\Launcher\;C:\Users\adoni\AppData\Local\Microsoft\WindowsApps;C:\Users\adoni\AppData\Local\Programs\Microsoft VS Code\bin;C:\Users\adoni\AppData\Roaming\npm;C:\Program Files\nodejs;C:\Users\adoni\AppData\Local\Muse Hub\lib;C:\xampp\php;
USERNAME=adoni
OS=Windows_NT
PROCESSOR_IDENTIFIER=Intel64 Family 6 Model 142 Stepping 12, GenuineIntel
TMP=C:\Users\adoni\AppData\Local\Temp
TEMP=C:\Users\adoni\AppData\Local\Temp




Periodic native trim disabled

---------------  S Y S T E M  ---------------

OS:
 Windows 11 , 64 bit Build 26100 (10.0.26100.7920)
OS uptime: 21 days 22:55 hours
Hyper-V role detected

CPU: total 8 (initial active 8) (4 cores per cpu, 2 threads per core) family 6 model 142 stepping 12 microcode 0x100, cx8, cmov, fxsr, ht, mmx, 3dnowpref, sse, sse2, sse3, ssse3, sse4.1, sse4.2, popcnt, lzcnt, tsc, tscinvbit, avx, avx2, aes, erms, clmul, bmi1, bmi2, adx, fma, vzeroupper, clflush, clflushopt, hv, rdtscp, f16c
Processor Information for the first 8 processors :
  Max Mhz: 2112, Current Mhz: 1910, Mhz Limit: 1900

Memory: 4k page, system-wide physical 16194M (2348M free)
TotalPageFile size 17984M (AvailPageFile size 6M)
current process WorkingSet (physical memory assigned to process): 147M, peak: 149M
current process commit charge ("private bytes"): 283M, peak: 285M

vm_info: OpenJDK 64-Bit Server VM (21.0.10+7-LTS) for windows-amd64 JRE (21.0.10+7-LTS), built on 2026-01-20T00:00:00Z by "admin" with MS VC++ 17.12 (VS2022)

END.
